Γû▓ Next.js 16.1.6 (Turbopack)
- Environments: .env.local
- Experiments (use with caution):
  ┬╖ serverActions

  Creating an optimized production build ...
Γ£ô Compiled successfully in 22.9s
  Skipping validation of types
  Collecting page data using 7 workers ...
  Generating static pages using 7 workers (0/27) ...
node.exe : Error occurred 
prerendering page 
"/forgot-password". Read more: http
s://nextjs.org/docs/messages/preren
der-error
At line:1 char:1
+ & "C:\Program 
Files\nodejs/node.exe" 
"C:\Users\Prate\AppData\Roaming\ 
...
+ ~~~~~~~~~~~~~~~~~~~~~~~~~~~~~~~~~
~~~~~~~~~~~~~~~~~~~~~~~~~~~~~~~~~~~
~
    + CategoryInfo          : NotS 
   pecified: (Error occurred ...p  
  rerender-error:String) [], Rem   
 oteException
    + FullyQualifiedErrorId : Nati 
   veCommandError
 
ReferenceError: window is not 
defined
    at <unknown> 
(D:\Personal\Personal 
Projects\SaaS Project\Authentiq\.ne
xt\server\chunks\ssr\_93770d6e._.js
:3:112183)
    at Array.map (<anonymous>)
    at e0 (D:\Personal\Personal 
Projects\SaaS Project\Authentiq\.ne
xt\server\chunks\ssr\_93770d6e._.js
:3:112069) {
  digest: '1616026698'
}
Export encountered an error on 
/forgot-password/page: 
/forgot-password, exiting the 
build.
Γ¿» Next.js build worker exited 
with code: 1 and signal: null
